// Jest Snapshot v1, https://goo.gl/fbAQLP

exports[`>>>R E G I S T E R --- Snapshot +++capturing Snapshot of Home 1`] = `
<div
  className="signup-form"
>
  <div
    className="ui vertically divided center aligned middle aligned grid"
    style={
      Object {
        "height": "100%",
      }
    }
  >
    <div
      className="two column row"
    >
      <div
        className="column"
      >
        <h2
          className="ui center aligned header"
        >
          Register for an account
        </h2>
        {"username":"","email":"","password":"","errorMessage":{}}
        <form
          className="ui large form"
          id="registerForm"
          onSubmit={[Function]}
        >
          <div
            className="ui stacked segment"
          >
            <div
              className="field"
            >
              <div
                className="ui fluid left icon input"
              >
                <input
                  id="username"
                  name="username"
                  onChange={[Function]}
                  placeholder="username"
                  type="text"
                  value=""
                />
                <i
                  aria-hidden="true"
                  className="user icon"
                  onClick={[Function]}
                />
              </div>
            </div>
            
            <div
              className="field"
            >
              <div
                className="ui fluid left icon input"
              >
                <input
                  id="email"
                  name="email"
                  onChange={[Function]}
                  placeholder="E-mail address"
                  type="email"
                  value=""
                />
                <i
                  aria-hidden="true"
                  className="user icon"
                  onClick={[Function]}
                />
              </div>
            </div>
            
            <div
              className="field"
            >
              <div
                className="ui fluid left icon input"
              >
                <input
                  id="password"
                  name="password"
                  onChange={[Function]}
                  placeholder="Password"
                  type="password"
                  value=""
                />
                <i
                  aria-hidden="true"
                  className="lock icon"
                  onClick={[Function]}
                />
              </div>
            </div>
            
            <button
              className="ui large fluid button"
              id="registerButton"
              onClick={[Function]}
              type="submit"
            >
              Register
            </button>
          </div>
        </form>
        <div
          className="ui warning message"
        >
          <i
            aria-hidden="true"
            className="help icon"
            onClick={[Function]}
          />
          Already signed up?  login  instead.
        </div>
      </div>
    </div>
  </div>
</div>
`;
